<html>
<head><title>Invoice</title></head>
<body>
<h1>Invoice</h1>
<li><ul>Lala</ul></li>
<table border=1 >
<tr><th>Play</th><th>Seats</th><th>Amount</th></tr>
<tr><td>Hamlet</td><td>55</td><td>$650.00</td></tr>
<tr><td>As You Like It</td><td>55</td><td>$740.00</td></tr>
<tr><td>Othello</td><td>100</td><td>$1,100.00</td></tr>
<tr><td  colspan =2 >Total </td><td>$2,490.00</td><tr>
<tr><td  colspan =2 >Discount </td><td> - $15.00</td><tr>
<tr><td  colspan =2 >TOTAL </td><td>$2,475.00</td><tr>
</table>
<p>Your loyality points</p>
<table border=1 >
<tr><th>Credits</th><th>Amount</th></tr>
<tr><td>Earned</td><td>178</td></tr>
<tr><td>Actual</td><td>28</td></tr>
</table>
<p>You must pay within 15 days otherwise your reservation will be cancelled.</p>
</body>
</html>